warning: The `fitz` API is deprecated and will be removed in future. Use `import pymupdf` instead.
Page 1/14: OCR API
Page 2/14: OCR API
Page 3/14: native text
Page 4/14: native text
Page 5/14: OCR API
Page 6/14: OCR API
Page 7/14: native text
Page 8/14: OCR API
Page 9/14: OCR API
Page 10/14: OCR API
Page 11/14: OCR API
Page 12/14: OCR API
Page 13/14: OCR API
Page 14/14: OCR API
Translating chunk 1/6
Translating chunk 2/6
Translating chunk 3/6
Translating chunk 4/6
Translating chunk 5/6
Translating chunk 6/6
Updated: C:\Users\MOKAS10\vcs\ascertain.github.io\fwtally\tally_translation_checkpoint.json
Saved: C:\Users\MOKAS10\vcs\ascertain.github.io\fwtally\Notes_English_Refreshed.txt
